Vivado Simulator v2024.2.1
Copyright 1986-2022 Xilinx, Inc. All Rights Reserved.
Copyright 2022-2024 Advanced Micro Devices, Inc. All Rights Reserved.
Running: C:/Xilinx/Vivado/2024.2/bin/unwrapped/win64.o/xelab.exe --incr --debug typical --relax --mt 2 -L xil_defaultlib -L secureip --snapshot Top_tb_behav xil_defaultlib.Top_tb -log elaborate.log 
Using 2 slave threads.
Starting static elaboration
Completed static elaboration
Starting simulation data flow analysis
Completed simulation data flow analysis
Time Resolution for simulation is 1ps
Compiling package std.standard
Compiling package std.textio
Compiling package ieee.std_logic_1164
Compiling package ieee.numeric_std
Compiling architecture behavioral of entity xil_defaultlib.Motor [motor_default]
Compiling architecture behavioral of entity xil_defaultlib.ControlMotores [controlmotores_default]
Compiling architecture behavioral of entity xil_defaultlib.ADC [adc_default]
Compiling architecture behavioral of entity xil_defaultlib.Ldrs [ldrs_default]
Compiling architecture behavioral of entity xil_defaultlib.Top [top_default]
Compiling architecture behavioral of entity xil_defaultlib.top_tb
Built simulation snapshot Top_tb_behav
